// Jest Snapshot v1, https://goo.gl/fbAQLP

exports[`Should render ExpenseList with expenses. 1`] = `
<div>
  <ExportListItem
    amount={195}
    createdAt={0}
    description="Gum"
    id="1"
    key="1"
    note=""
  />
  <ExportListItem
    amount={1000000}
    createdAt={-345600000}
    description="Rent"
    id="2"
    key="2"
    note=""
  />
  <ExportListItem
    amount={4500}
    createdAt={345600000}
    description="Credit card"
    id="3"
    key="3"
    note=""
  />
</div>
`;

exports[`Should render ExpenseList with no expenses. 1`] = `
<div>
  <p>
    No expenses
  </p>
</div>
`;
